// Jest Snapshot v1, https://goo.gl/fbAQLP

exports[`Header component should match snapshot 1`] = `
<DocumentFragment>
  <header
    class="css-3vq7ia"
    data-testid="header"
  >
    <h1
      class="css-57sabx"
      data-testid="header-logo"
    >
      <a
        class="css-t18r78"
        data-testid="header-logo-link"
        href="/"
      >
        <svg
          class="css-xzn57i"
          data-testid="header-icon"
        >
          logo.svg
        </svg>
        eDeal
      </a>
    </h1>
  </header>
</DocumentFragment>
`;
