// Jest Snapshot v1, https://goo.gl/fbAQLP

exports[`App Component should match snapshot 1`] = `
<DocumentFragment>
  <header
    class="css-3vq7ia"
    data-testid="header"
  >
    <a
      class="css-1rzlx2v"
      data-testid="header-logo"
      href="/"
    >
      <svg
        class="css-xzn57i"
        data-testid="header-icon"
      >
        logo.svg
      </svg>
      eDeal
    </a>
  </header>
  <main
    class="css-7sbsyk"
    data-testid="main"
  >
    <div
      class="css-1ysydv3"
      data-testid="loader"
    >
      Loading...
    </div>
  </main>
  <footer
    class="css-1ydo3a8"
    data-testid="footer"
  >
    2020 © eDeal
  </footer>
</DocumentFragment>
`;
