// Jest Snapshot v1, https://goo.gl/fbAQLP

exports[`CategoriesListView component should match snapshot 1`] = `
<DocumentFragment>
  <article
    class="css-1lu5s7y"
    data-testid="categoryItem-block"
    to="/categories/6989"
  >
    <a
      class="css-1ttiqzk"
      href="/categories/6989"
    >
      <img
        alt="Τεχνολογία"
        class="css-jd31iv"
        src="https://abpcdn.pstatic.gr/P/bpimg128/6989_SX400Y400/1577836800/technology.webp"
      />
      Τεχνολογία
    </a>
  </article>
  <article
    class="css-1lu5s7y"
    data-testid="categoryItem-block"
    to="/categories/2185"
  >
    <a
      class="css-1ttiqzk"
      href="/categories/2185"
    >
      <img
        alt="Σπίτι & Κήπος"
        class="css-jd31iv"
        src="https://abpcdn.pstatic.gr/P/bpimg128/2185_SX400Y400/1577836800/home-garden.webp"
      />
      Σπίτι & Κήπος
    </a>
  </article>
  <article
    class="css-1lu5s7y"
    data-testid="categoryItem-block"
    to="/categories/2068"
  >
    <a
      class="css-1ttiqzk"
      href="/categories/2068"
    >
      <img
        alt="Μόδα"
        class="css-jd31iv"
        src="https://abpcdn.pstatic.gr/P/bpimg128/2068_SX400Y400/1577836800/fashion.webp"
      />
      Μόδα
    </a>
  </article>
  <article
    class="css-1lu5s7y"
    data-testid="categoryItem-block"
    to="/categories/583"
  >
    <a
      class="css-1ttiqzk"
      href="/categories/583"
    >
      <img
        alt="Υγεία & Ομορφιά"
        class="css-jd31iv"
        src="https://abpcdn.pstatic.gr/P/bpimg128/583_SX400Y400/1577836800/health-beauty.webp"
      />
      Υγεία & Ομορφιά
    </a>
  </article>
  <article
    class="css-1lu5s7y"
    data-testid="categoryItem-block"
    to="/categories/2175"
  >
    <a
      class="css-1ttiqzk"
      href="/categories/2175"
    >
      <img
        alt="Παιδικά - Βρεφικά"
        class="css-jd31iv"
        src="https://abpcdn.pstatic.gr/P/bpimg128/2175_SX400Y400/1577836800/paidika-brefika.webp"
      />
      Παιδικά - Βρεφικά
    </a>
  </article>
  <article
    class="css-1lu5s7y"
    data-testid="categoryItem-block"
    to="/categories/3058"
  >
    <a
      class="css-1ttiqzk"
      href="/categories/3058"
    >
      <img
        alt="Αθλητισμός, Hobby"
        class="css-jd31iv"
        src="https://abpcdn.pstatic.gr/P/bpimg128/3058_SX400Y400/1577836800/sports-hobbies.webp"
      />
      Αθλητισμός, Hobby
    </a>
  </article>
  <article
    class="css-1lu5s7y"
    data-testid="categoryItem-block"
    to="/categories/3204"
  >
    <a
      class="css-1ttiqzk"
      href="/categories/3204"
    >
      <img
        alt="Μηχανοκίνηση"
        class="css-jd31iv"
        src="https://abpcdn.pstatic.gr/P/bpimg128/3204_SX400Y400/1577836800/auto-moto.webp"
      />
      Μηχανοκίνηση
    </a>
  </article>
  <article
    class="css-1lu5s7y"
    data-testid="categoryItem-block"
    to="/categories/6988"
  >
    <a
      class="css-1ttiqzk"
      href="/categories/6988"
    >
      <img
        alt="Ψυχαγωγία"
        class="css-jd31iv"
        src="https://abpcdn.pstatic.gr/P/bpimg128/6988_SX400Y400/1577836800/entertainment.webp"
      />
      Ψυχαγωγία
    </a>
  </article>
</DocumentFragment>
`;
